[0.012s] Invoking command in '/home/jsm/robot_gazebo_sim/build/robot_gazebo_sim': CMAKE_PREFIX_PATH=${CMAKE_PREFIX_PATH}:/home/jsm/dev_ws/install/learning_urdf:/home/jsm/dev_ws/install/learning_topic:/home/jsm/dev_ws/install/learning_tf:/home/jsm/dev_ws/install/learning_service:/home/jsm/dev_ws/install/learning_qos:/home/jsm/dev_ws/install/learning_pkg_python:/home/jsm/dev_ws/install/learning_parameter:/home/jsm/dev_ws/install/learning_node:/home/jsm/dev_ws/install/learning_launch:/home/jsm/dev_ws/install/learning_action:/home/jsm/dev_ws/install/learning_gazebo_harmonic:/home/jsm/dev_ws/install/learning_gazebo:/home/jsm/dev_ws/install/learning_cv:/opt/ros/humble /usr/bin/cmake /home/jsm/robot_gazebo_sim/src/robot_gazebo_sim -DAMENT_CMAKE_SYMLINK_INSTALL=1 -DCMAKE_INSTALL_PREFIX=/home/jsm/robot_gazebo_sim/install/robot_gazebo_sim
[0.029s] -- Found ament_cmake: 1.3.14 (/opt/ros/humble/share/ament_cmake/cmake)
[0.145s] -- Override CMake install command with custom implementation using symlinks instead of copying resources
[0.212s] -- Configuring done
[0.214s] -- Generating done
[0.215s] -- Build files have been written to: /home/jsm/robot_gazebo_sim/build/robot_gazebo_sim
[0.218s] Invoked command in '/home/jsm/robot_gazebo_sim/build/robot_gazebo_sim' returned '0': CMAKE_PREFIX_PATH=${CMAKE_PREFIX_PATH}:/home/jsm/dev_ws/install/learning_urdf:/home/jsm/dev_ws/install/learning_topic:/home/jsm/dev_ws/install/learning_tf:/home/jsm/dev_ws/install/learning_service:/home/jsm/dev_ws/install/learning_qos:/home/jsm/dev_ws/install/learning_pkg_python:/home/jsm/dev_ws/install/learning_parameter:/home/jsm/dev_ws/install/learning_node:/home/jsm/dev_ws/install/learning_launch:/home/jsm/dev_ws/install/learning_action:/home/jsm/dev_ws/install/learning_gazebo_harmonic:/home/jsm/dev_ws/install/learning_gazebo:/home/jsm/dev_ws/install/learning_cv:/opt/ros/humble /usr/bin/cmake /home/jsm/robot_gazebo_sim/src/robot_gazebo_sim -DAMENT_CMAKE_SYMLINK_INSTALL=1 -DCMAKE_INSTALL_PREFIX=/home/jsm/robot_gazebo_sim/install/robot_gazebo_sim
[0.219s] Invoking command in '/home/jsm/robot_gazebo_sim/build/robot_gazebo_sim': CMAKE_PREFIX_PATH=${CMAKE_PREFIX_PATH}:/home/jsm/dev_ws/install/learning_urdf:/home/jsm/dev_ws/install/learning_topic:/home/jsm/dev_ws/install/learning_tf:/home/jsm/dev_ws/install/learning_service:/home/jsm/dev_ws/install/learning_qos:/home/jsm/dev_ws/install/learning_pkg_python:/home/jsm/dev_ws/install/learning_parameter:/home/jsm/dev_ws/install/learning_node:/home/jsm/dev_ws/install/learning_launch:/home/jsm/dev_ws/install/learning_action:/home/jsm/dev_ws/install/learning_gazebo_harmonic:/home/jsm/dev_ws/install/learning_gazebo:/home/jsm/dev_ws/install/learning_cv:/opt/ros/humble /usr/bin/cmake --build /home/jsm/robot_gazebo_sim/build/robot_gazebo_sim -- -j16 -l16
[0.256s] Invoked command in '/home/jsm/robot_gazebo_sim/build/robot_gazebo_sim' returned '0': CMAKE_PREFIX_PATH=${CMAKE_PREFIX_PATH}:/home/jsm/dev_ws/install/learning_urdf:/home/jsm/dev_ws/install/learning_topic:/home/jsm/dev_ws/install/learning_tf:/home/jsm/dev_ws/install/learning_service:/home/jsm/dev_ws/install/learning_qos:/home/jsm/dev_ws/install/learning_pkg_python:/home/jsm/dev_ws/install/learning_parameter:/home/jsm/dev_ws/install/learning_node:/home/jsm/dev_ws/install/learning_launch:/home/jsm/dev_ws/install/learning_action:/home/jsm/dev_ws/install/learning_gazebo_harmonic:/home/jsm/dev_ws/install/learning_gazebo:/home/jsm/dev_ws/install/learning_cv:/opt/ros/humble /usr/bin/cmake --build /home/jsm/robot_gazebo_sim/build/robot_gazebo_sim -- -j16 -l16
[0.267s] Invoking command in '/home/jsm/robot_gazebo_sim/build/robot_gazebo_sim': CMAKE_PREFIX_PATH=${CMAKE_PREFIX_PATH}:/home/jsm/dev_ws/install/learning_urdf:/home/jsm/dev_ws/install/learning_topic:/home/jsm/dev_ws/install/learning_tf:/home/jsm/dev_ws/install/learning_service:/home/jsm/dev_ws/install/learning_qos:/home/jsm/dev_ws/install/learning_pkg_python:/home/jsm/dev_ws/install/learning_parameter:/home/jsm/dev_ws/install/learning_node:/home/jsm/dev_ws/install/learning_launch:/home/jsm/dev_ws/install/learning_action:/home/jsm/dev_ws/install/learning_gazebo_harmonic:/home/jsm/dev_ws/install/learning_gazebo:/home/jsm/dev_ws/install/learning_cv:/opt/ros/humble /usr/bin/cmake --install /home/jsm/robot_gazebo_sim/build/robot_gazebo_sim
[0.273s] -- Install configuration: ""
[0.274s] -- Execute custom install script
[0.274s] -- Symlinking: /home/jsm/robot_gazebo_sim/install/robot_gazebo_sim/share/robot_gazebo_sim/config/controllers.yaml
[0.284s] -- Symlinking: /home/jsm/robot_gazebo_sim/install/robot_gazebo_sim/share/robot_gazebo_sim/launch/gazebo.launch.py
[0.294s] -- Symlinking: /home/jsm/robot_gazebo_sim/install/robot_gazebo_sim/share/robot_gazebo_sim/meshes/Link_1.stl
[0.303s] -- Symlinking: /home/jsm/robot_gazebo_sim/install/robot_gazebo_sim/share/robot_gazebo_sim/meshes/Link_2.stl
[0.313s] -- Symlinking: /home/jsm/robot_gazebo_sim/install/robot_gazebo_sim/share/robot_gazebo_sim/meshes/Link_3.stl
[0.324s] -- Symlinking: /home/jsm/robot_gazebo_sim/install/robot_gazebo_sim/share/robot_gazebo_sim/meshes/Link_4.stl
[0.333s] -- Symlinking: /home/jsm/robot_gazebo_sim/install/robot_gazebo_sim/share/robot_gazebo_sim/meshes/Link_5.stl
[0.343s] -- Symlinking: /home/jsm/robot_gazebo_sim/install/robot_gazebo_sim/share/robot_gazebo_sim/meshes/Link_6.stl
[0.352s] -- Symlinking: /home/jsm/robot_gazebo_sim/install/robot_gazebo_sim/share/robot_gazebo_sim/meshes/kuka_kr210/Link_1.stl
[0.359s] -- Symlinking: /home/jsm/robot_gazebo_sim/install/robot_gazebo_sim/share/robot_gazebo_sim/meshes/kuka_kr210/Link_2.stl
[0.370s] -- Symlinking: /home/jsm/robot_gazebo_sim/install/robot_gazebo_sim/share/robot_gazebo_sim/meshes/kuka_kr210/Link_3.stl
[0.380s] -- Symlinking: /home/jsm/robot_gazebo_sim/install/robot_gazebo_sim/share/robot_gazebo_sim/meshes/kuka_kr210/Link_5.stl
[0.389s] -- Symlinking: /home/jsm/robot_gazebo_sim/install/robot_gazebo_sim/share/robot_gazebo_sim/meshes/kuka_kr210/base_link.stl
[0.398s] -- Symlinking: /home/jsm/robot_gazebo_sim/install/robot_gazebo_sim/share/robot_gazebo_sim/urdf/robot.gazebo.urdf.xacro
[0.409s] -- Symlinking: /home/jsm/robot_gazebo_sim/install/robot_gazebo_sim/share/robot_gazebo_sim/urdf/robot.urdf
[0.419s] -- Symlinking: /home/jsm/robot_gazebo_sim/install/robot_gazebo_sim/share/robot_gazebo_sim/worlds/empty.world
[0.430s] -- Symlinking: /home/jsm/robot_gazebo_sim/install/robot_gazebo_sim/lib/robot_gazebo_sim/gazebo_joint_demo
[0.441s] -- Symlinking: /home/jsm/robot_gazebo_sim/install/robot_gazebo_sim/share/ament_index/resource_index/package_run_dependencies/robot_gazebo_sim
[0.451s] -- Symlinking: /home/jsm/robot_gazebo_sim/install/robot_gazebo_sim/share/ament_index/resource_index/parent_prefix_path/robot_gazebo_sim
[0.461s] -- Symlinking: /home/jsm/robot_gazebo_sim/install/robot_gazebo_sim/share/robot_gazebo_sim/environment/ament_prefix_path.sh
[0.469s] -- Symlinking: /home/jsm/robot_gazebo_sim/install/robot_gazebo_sim/share/robot_gazebo_sim/environment/ament_prefix_path.dsv
[0.477s] -- Symlinking: /home/jsm/robot_gazebo_sim/install/robot_gazebo_sim/share/robot_gazebo_sim/environment/path.sh
[0.487s] -- Symlinking: /home/jsm/robot_gazebo_sim/install/robot_gazebo_sim/share/robot_gazebo_sim/environment/path.dsv
[0.496s] -- Symlinking: /home/jsm/robot_gazebo_sim/install/robot_gazebo_sim/share/robot_gazebo_sim/local_setup.bash
[0.507s] -- Symlinking: /home/jsm/robot_gazebo_sim/install/robot_gazebo_sim/share/robot_gazebo_sim/local_setup.sh
[0.521s] -- Symlinking: /home/jsm/robot_gazebo_sim/install/robot_gazebo_sim/share/robot_gazebo_sim/local_setup.zsh
[0.528s] -- Symlinking: /home/jsm/robot_gazebo_sim/install/robot_gazebo_sim/share/robot_gazebo_sim/local_setup.dsv
[0.536s] -- Symlinking: /home/jsm/robot_gazebo_sim/install/robot_gazebo_sim/share/robot_gazebo_sim/package.dsv
[0.544s] -- Symlinking: /home/jsm/robot_gazebo_sim/install/robot_gazebo_sim/share/ament_index/resource_index/packages/robot_gazebo_sim
[0.552s] -- Symlinking: /home/jsm/robot_gazebo_sim/install/robot_gazebo_sim/share/robot_gazebo_sim/cmake/robot_gazebo_simConfig.cmake
[0.559s] -- Symlinking: /home/jsm/robot_gazebo_sim/install/robot_gazebo_sim/share/robot_gazebo_sim/cmake/robot_gazebo_simConfig-version.cmake
[0.568s] -- Symlinking: /home/jsm/robot_gazebo_sim/install/robot_gazebo_sim/share/robot_gazebo_sim/package.xml
[0.578s] Invoked command in '/home/jsm/robot_gazebo_sim/build/robot_gazebo_sim' returned '0': CMAKE_PREFIX_PATH=${CMAKE_PREFIX_PATH}:/home/jsm/dev_ws/install/learning_urdf:/home/jsm/dev_ws/install/learning_topic:/home/jsm/dev_ws/install/learning_tf:/home/jsm/dev_ws/install/learning_service:/home/jsm/dev_ws/install/learning_qos:/home/jsm/dev_ws/install/learning_pkg_python:/home/jsm/dev_ws/install/learning_parameter:/home/jsm/dev_ws/install/learning_node:/home/jsm/dev_ws/install/learning_launch:/home/jsm/dev_ws/install/learning_action:/home/jsm/dev_ws/install/learning_gazebo_harmonic:/home/jsm/dev_ws/install/learning_gazebo:/home/jsm/dev_ws/install/learning_cv:/opt/ros/humble /usr/bin/cmake --install /home/jsm/robot_gazebo_sim/build/robot_gazebo_sim
