-- Install configuration: ""
-- Execute custom install script
-- Up-to-date symlink: /home/jsm/robot_gazebo_sim/install/robot_gazebo_sim/share/robot_gazebo_sim/config/controllers.yaml
-- Up-to-date symlink: /home/jsm/robot_gazebo_sim/install/robot_gazebo_sim/share/robot_gazebo_sim/launch/gazebo.launch.py
-- Up-to-date symlink: /home/jsm/robot_gazebo_sim/install/robot_gazebo_sim/share/robot_gazebo_sim/meshes/Link_1.stl
-- Up-to-date symlink: /home/jsm/robot_gazebo_sim/install/robot_gazebo_sim/share/robot_gazebo_sim/meshes/Link_2.stl
-- Up-to-date symlink: /home/jsm/robot_gazebo_sim/install/robot_gazebo_sim/share/robot_gazebo_sim/meshes/Link_3.stl
-- Up-to-date symlink: /home/jsm/robot_gazebo_sim/install/robot_gazebo_sim/share/robot_gazebo_sim/meshes/Link_4.stl
-- Up-to-date symlink: /home/jsm/robot_gazebo_sim/install/robot_gazebo_sim/share/robot_gazebo_sim/meshes/Link_5.stl
-- Up-to-date symlink: /home/jsm/robot_gazebo_sim/install/robot_gazebo_sim/share/robot_gazebo_sim/meshes/Link_6.stl
-- Up-to-date symlink: /home/jsm/robot_gazebo_sim/install/robot_gazebo_sim/share/robot_gazebo_sim/meshes/kuka_kr210/Link_1.stl
-- Up-to-date symlink: /home/jsm/robot_gazebo_sim/install/robot_gazebo_sim/share/robot_gazebo_sim/meshes/kuka_kr210/Link_2.stl
-- Up-to-date symlink: /home/jsm/robot_gazebo_sim/install/robot_gazebo_sim/share/robot_gazebo_sim/meshes/kuka_kr210/Link_3.stl
-- Up-to-date symlink: /home/jsm/robot_gazebo_sim/install/robot_gazebo_sim/share/robot_gazebo_sim/meshes/kuka_kr210/Link_5.stl
-- Up-to-date symlink: /home/jsm/robot_gazebo_sim/install/robot_gazebo_sim/share/robot_gazebo_sim/meshes/kuka_kr210/base_link.stl
-- Up-to-date symlink: /home/jsm/robot_gazebo_sim/install/robot_gazebo_sim/share/robot_gazebo_sim/urdf/robot.gazebo.urdf.xacro
-- Up-to-date symlink: /home/jsm/robot_gazebo_sim/install/robot_gazebo_sim/share/robot_gazebo_sim/urdf/robot.urdf
-- Up-to-date symlink: /home/jsm/robot_gazebo_sim/install/robot_gazebo_sim/share/robot_gazebo_sim/worlds/empty.world
-- Up-to-date symlink: /home/jsm/robot_gazebo_sim/install/robot_gazebo_sim/lib/robot_gazebo_sim/gazebo_joint_demo
-- Up-to-date symlink: /home/jsm/robot_gazebo_sim/install/robot_gazebo_sim/share/ament_index/resource_index/package_run_dependencies/robot_gazebo_sim
-- Up-to-date symlink: /home/jsm/robot_gazebo_sim/install/robot_gazebo_sim/share/ament_index/resource_index/parent_prefix_path/robot_gazebo_sim
-- Up-to-date symlink: /home/jsm/robot_gazebo_sim/install/robot_gazebo_sim/share/robot_gazebo_sim/environment/ament_prefix_path.sh
-- Up-to-date symlink: /home/jsm/robot_gazebo_sim/install/robot_gazebo_sim/share/robot_gazebo_sim/environment/ament_prefix_path.dsv
-- Up-to-date symlink: /home/jsm/robot_gazebo_sim/install/robot_gazebo_sim/share/robot_gazebo_sim/environment/path.sh
-- Up-to-date symlink: /home/jsm/robot_gazebo_sim/install/robot_gazebo_sim/share/robot_gazebo_sim/environment/path.dsv
-- Up-to-date symlink: /home/jsm/robot_gazebo_sim/install/robot_gazebo_sim/share/robot_gazebo_sim/local_setup.bash
-- Up-to-date symlink: /home/jsm/robot_gazebo_sim/install/robot_gazebo_sim/share/robot_gazebo_sim/local_setup.sh
-- Up-to-date symlink: /home/jsm/robot_gazebo_sim/install/robot_gazebo_sim/share/robot_gazebo_sim/local_setup.zsh
-- Up-to-date symlink: /home/jsm/robot_gazebo_sim/install/robot_gazebo_sim/share/robot_gazebo_sim/local_setup.dsv
-- Symlinking: /home/jsm/robot_gazebo_sim/install/robot_gazebo_sim/share/robot_gazebo_sim/package.dsv
-- Up-to-date symlink: /home/jsm/robot_gazebo_sim/install/robot_gazebo_sim/share/ament_index/resource_index/packages/robot_gazebo_sim
-- Up-to-date symlink: /home/jsm/robot_gazebo_sim/install/robot_gazebo_sim/share/robot_gazebo_sim/cmake/robot_gazebo_simConfig.cmake
-- Up-to-date symlink: /home/jsm/robot_gazebo_sim/install/robot_gazebo_sim/share/robot_gazebo_sim/cmake/robot_gazebo_simConfig-version.cmake
-- Up-to-date symlink: /home/jsm/robot_gazebo_sim/install/robot_gazebo_sim/share/robot_gazebo_sim/package.xml
