[0.071s] DEBUG:colcon:Command line arguments: ['/usr/bin/colcon', 'build', '--packages-select', 'robot_gazebo_sim', '--symlink-install']
[0.072s] DEBUG:colcon:Parsed command line arguments: Namespace(log_base=None, log_level=None, verb_name='build', build_base='build', install_base='install', merge_install=False, symlink_install=True, test_result_base=None, continue_on_error=False, executor='parallel', parallel_workers=16, event_handlers=None, ignore_user_meta=False, metas=['./colcon.meta'], base_paths=['.'], packages_ignore=None, packages_ignore_regex=None, paths=None, packages_up_to=None, packages_up_to_regex=None, packages_above=None, packages_above_and_dependencies=None, packages_above_depth=None, packages_select_by_dep=None, packages_skip_by_dep=None, packages_skip_up_to=None, packages_select_build_failed=False, packages_skip_build_finished=False, packages_select_test_failures=False, packages_skip_test_passed=False, packages_select=['robot_gazebo_sim'], packages_skip=None, packages_select_regex=None, packages_skip_regex=None, packages_start=None, packages_end=None, allow_overriding=[], cmake_args=None, cmake_target=None, cmake_target_skip_unavailable=False, cmake_clean_cache=False, cmake_clean_first=False, cmake_force_configure=False, ament_cmake_args=None, catkin_cmake_args=None, catkin_skip_building_tests=False, verb_parser=<colcon_defaults.argument_parser.defaults.DefaultArgumentsDecorator object at 0x7dddfdb8c340>, verb_extension=<colcon_core.verb.build.BuildVerb object at 0x7dddfdb4fc40>, main=<bound method BuildVerb.main of <colcon_core.verb.build.BuildVerb object at 0x7dddfdb4fc40>>)
[0.178s] Level 1:colcon.colcon_core.package_discovery:discover_packages(colcon_meta) check parameters
[0.178s] Level 1:colcon.colcon_core.package_discovery:discover_packages(recursive) check parameters
[0.178s] Level 1:colcon.colcon_core.package_discovery:discover_packages(ignore) check parameters
[0.178s] Level 1:colcon.colcon_core.package_discovery:discover_packages(path) check parameters
[0.178s] Level 1:colcon.colcon_core.package_discovery:discover_packages(colcon_meta) discover
[0.178s] Level 1:colcon.colcon_core.package_discovery:discover_packages(recursive) discover
[0.178s] INFO:colcon.colcon_core.package_discovery:Crawling recursively for packages in '/home/jsm/robot_gazebo_sim'
[0.178s] Level 1:colcon.colcon_core.package_identification:_identify(.) by extensions ['ignore', 'ignore_ament_install']
[0.178s] Level 1:colcon.colcon_core.package_identification:_identify(.) by extension 'ignore'
[0.178s] Level 1:colcon.colcon_core.package_identification:_identify(.) by extension 'ignore_ament_install'
[0.178s] Level 1:colcon.colcon_core.package_identification:_identify(.) by extensions ['colcon_pkg']
[0.178s] Level 1:colcon.colcon_core.package_identification:_identify(.) by extension 'colcon_pkg'
[0.178s] Level 1:colcon.colcon_core.package_identification:_identify(.) by extensions ['colcon_meta']
[0.178s] Level 1:colcon.colcon_core.package_identification:_identify(.) by extension 'colcon_meta'
[0.178s] Level 1:colcon.colcon_core.package_identification:_identify(.) by extensions ['ros']
[0.178s] Level 1:colcon.colcon_core.package_identification:_identify(.) by extension 'ros'
[0.186s] Level 1:colcon.colcon_core.package_identification:_identify(.) by extensions ['cmake', 'python']
[0.186s] Level 1:colcon.colcon_core.package_identification:_identify(.) by extension 'cmake'
[0.186s] Level 1:colcon.colcon_core.package_identification:_identify(.) by extension 'python'
[0.186s] Level 1:colcon.colcon_core.package_identification:_identify(.) by extensions ['python_setup_py']
[0.186s] Level 1:colcon.colcon_core.package_identification:_identify(.) by extension 'python_setup_py'
[0.186s] Level 1:colcon.colcon_core.package_identification:_identify(build) by extensions ['ignore', 'ignore_ament_install']
[0.186s] Level 1:colcon.colcon_core.package_identification:_identify(build) by extension 'ignore'
[0.186s] Level 1:colcon.colcon_core.package_identification:_identify(build) ignored
[0.186s] Level 1:colcon.colcon_core.package_identification:_identify(install) by extensions ['ignore', 'ignore_ament_install']
[0.186s] Level 1:colcon.colcon_core.package_identification:_identify(install) by extension 'ignore'
[0.186s] Level 1:colcon.colcon_core.package_identification:_identify(install) ignored
[0.187s] Level 1:colcon.colcon_core.package_identification:_identify(log) by extensions ['ignore', 'ignore_ament_install']
[0.187s] Level 1:colcon.colcon_core.package_identification:_identify(log) by extension 'ignore'
[0.187s] Level 1:colcon.colcon_core.package_identification:_identify(log) ignored
[0.187s] Level 1:colcon.colcon_core.package_identification:_identify(src) by extensions ['ignore', 'ignore_ament_install']
[0.187s] Level 1:colcon.colcon_core.package_identification:_identify(src) by extension 'ignore'
[0.187s] Level 1:colcon.colcon_core.package_identification:_identify(src) by extension 'ignore_ament_install'
[0.187s] Level 1:colcon.colcon_core.package_identification:_identify(src) by extensions ['colcon_pkg']
[0.187s] Level 1:colcon.colcon_core.package_identification:_identify(src) by extension 'colcon_pkg'
[0.187s] Level 1:colcon.colcon_core.package_identification:_identify(src) by extensions ['colcon_meta']
[0.187s] Level 1:colcon.colcon_core.package_identification:_identify(src) by extension 'colcon_meta'
[0.187s] Level 1:colcon.colcon_core.package_identification:_identify(src) by extensions ['ros']
[0.187s] Level 1:colcon.colcon_core.package_identification:_identify(src) by extension 'ros'
[0.187s] Level 1:colcon.colcon_core.package_identification:_identify(src) by extensions ['cmake', 'python']
[0.187s] Level 1:colcon.colcon_core.package_identification:_identify(src) by extension 'cmake'
[0.187s] Level 1:colcon.colcon_core.package_identification:_identify(src) by extension 'python'
[0.187s] Level 1:colcon.colcon_core.package_identification:_identify(src) by extensions ['python_setup_py']
[0.187s] Level 1:colcon.colcon_core.package_identification:_identify(src) by extension 'python_setup_py'
[0.187s] Level 1:colcon.colcon_core.package_identification:_identify(src/robot_gazebo_sim) by extensions ['ignore', 'ignore_ament_install']
[0.187s] Level 1:colcon.colcon_core.package_identification:_identify(src/robot_gazebo_sim) by extension 'ignore'
[0.187s] Level 1:colcon.colcon_core.package_identification:_identify(src/robot_gazebo_sim) by extension 'ignore_ament_install'
[0.187s] Level 1:colcon.colcon_core.package_identification:_identify(src/robot_gazebo_sim) by extensions ['colcon_pkg']
[0.187s] Level 1:colcon.colcon_core.package_identification:_identify(src/robot_gazebo_sim) by extension 'colcon_pkg'
[0.187s] Level 1:colcon.colcon_core.package_identification:_identify(src/robot_gazebo_sim) by extensions ['colcon_meta']
[0.187s] Level 1:colcon.colcon_core.package_identification:_identify(src/robot_gazebo_sim) by extension 'colcon_meta'
[0.187s] Level 1:colcon.colcon_core.package_identification:_identify(src/robot_gazebo_sim) by extensions ['ros']
[0.187s] Level 1:colcon.colcon_core.package_identification:_identify(src/robot_gazebo_sim) by extension 'ros'
[0.189s] DEBUG:colcon.colcon_core.package_identification:Package 'src/robot_gazebo_sim' with type 'ros.ament_cmake' and name 'robot_gazebo_sim'
[0.189s] Level 1:colcon.colcon_core.package_discovery:discover_packages(recursive) using defaults
[0.189s] Level 1:colcon.colcon_core.package_discovery:discover_packages(ignore) discover
[0.189s] Level 1:colcon.colcon_core.package_discovery:discover_packages(ignore) using defaults
[0.189s] Level 1:colcon.colcon_core.package_discovery:discover_packages(path) discover
[0.189s] Level 1:colcon.colcon_core.package_discovery:discover_packages(path) using defaults
[0.218s] Level 1:colcon.colcon_core.package_discovery:discover_packages(prefix_path) check parameters
[0.218s] Level 1:colcon.colcon_core.package_discovery:discover_packages(prefix_path) discover
[0.220s] DEBUG:colcon.colcon_installed_package_information.package_discovery:Found 21 installed packages in /home/jsm/dev_ws/install
[0.221s] DEBUG:colcon.colcon_installed_package_information.package_discovery:Found 372 installed packages in /opt/ros/humble
[0.222s] Level 1:colcon.colcon_core.package_discovery:discover_packages(prefix_path) using defaults
[0.250s] Level 5:colcon.colcon_core.verb:set package 'robot_gazebo_sim' build argument 'cmake_args' from command line to 'None'
[0.250s] Level 5:colcon.colcon_core.verb:set package 'robot_gazebo_sim' build argument 'cmake_target' from command line to 'None'
[0.250s] Level 5:colcon.colcon_core.verb:set package 'robot_gazebo_sim' build argument 'cmake_target_skip_unavailable' from command line to 'False'
[0.250s] Level 5:colcon.colcon_core.verb:set package 'robot_gazebo_sim' build argument 'cmake_clean_cache' from command line to 'False'
[0.250s] Level 5:colcon.colcon_core.verb:set package 'robot_gazebo_sim' build argument 'cmake_clean_first' from command line to 'False'
[0.250s] Level 5:colcon.colcon_core.verb:set package 'robot_gazebo_sim' build argument 'cmake_force_configure' from command line to 'False'
[0.250s] Level 5:colcon.colcon_core.verb:set package 'robot_gazebo_sim' build argument 'ament_cmake_args' from command line to 'None'
[0.250s] Level 5:colcon.colcon_core.verb:set package 'robot_gazebo_sim' build argument 'catkin_cmake_args' from command line to 'None'
[0.250s] Level 5:colcon.colcon_core.verb:set package 'robot_gazebo_sim' build argument 'catkin_skip_building_tests' from command line to 'False'
[0.250s] DEBUG:colcon.colcon_core.verb:Building package 'robot_gazebo_sim' with the following arguments: {'ament_cmake_args': None, 'build_base': '/home/jsm/robot_gazebo_sim/build/robot_gazebo_sim', 'catkin_cmake_args': None, 'catkin_skip_building_tests': False, 'cmake_args': None, 'cmake_clean_cache': False, 'cmake_clean_first': False, 'cmake_force_configure': False, 'cmake_target': None, 'cmake_target_skip_unavailable': False, 'install_base': '/home/jsm/robot_gazebo_sim/install/robot_gazebo_sim', 'merge_install': False, 'path': '/home/jsm/robot_gazebo_sim/src/robot_gazebo_sim', 'symlink_install': True, 'test_result_base': None}
[0.250s] INFO:colcon.colcon_core.executor:Executing jobs using 'parallel' executor
[0.251s] DEBUG:colcon.colcon_parallel_executor.executor.parallel:run_until_complete
[0.251s] INFO:colcon.colcon_ros.task.ament_cmake.build:Building ROS package in '/home/jsm/robot_gazebo_sim/src/robot_gazebo_sim' with build type 'ament_cmake'
[0.251s] INFO:colcon.colcon_cmake.task.cmake.build:Building CMake package in '/home/jsm/robot_gazebo_sim/src/robot_gazebo_sim'
[0.253s] INFO:colcon.colcon_core.plugin_system:Skipping extension 'colcon_core.shell.bat': Not used on non-Windows systems
[0.253s] INFO:colcon.colcon_core.shell:Skip shell extension 'powershell' for command environment: Not usable outside of PowerShell
[0.253s] DEBUG:colcon.colcon_core.shell:Skip shell extension 'dsv' for command environment
[0.263s] DEBUG:colcon.colcon_core.event_handler.log_command:Invoking command in '/home/jsm/robot_gazebo_sim/build/robot_gazebo_sim': CMAKE_PREFIX_PATH=${CMAKE_PREFIX_PATH}:/home/jsm/dev_ws/install/learning_urdf:/home/jsm/dev_ws/install/learning_topic:/home/jsm/dev_ws/install/learning_tf:/home/jsm/dev_ws/install/learning_service:/home/jsm/dev_ws/install/learning_qos:/home/jsm/dev_ws/install/learning_pkg_python:/home/jsm/dev_ws/install/learning_parameter:/home/jsm/dev_ws/install/learning_node:/home/jsm/dev_ws/install/learning_launch:/home/jsm/dev_ws/install/learning_action:/home/jsm/dev_ws/install/learning_gazebo_harmonic:/home/jsm/dev_ws/install/learning_gazebo:/home/jsm/dev_ws/install/learning_cv:/opt/ros/humble /usr/bin/cmake --build /home/jsm/robot_gazebo_sim/build/robot_gazebo_sim -- -j16 -l16
[0.308s] DEBUG:colcon.colcon_core.event_handler.log_command:Invoked command in '/home/jsm/robot_gazebo_sim/build/robot_gazebo_sim' returned '0': CMAKE_PREFIX_PATH=${CMAKE_PREFIX_PATH}:/home/jsm/dev_ws/install/learning_urdf:/home/jsm/dev_ws/install/learning_topic:/home/jsm/dev_ws/install/learning_tf:/home/jsm/dev_ws/install/learning_service:/home/jsm/dev_ws/install/learning_qos:/home/jsm/dev_ws/install/learning_pkg_python:/home/jsm/dev_ws/install/learning_parameter:/home/jsm/dev_ws/install/learning_node:/home/jsm/dev_ws/install/learning_launch:/home/jsm/dev_ws/install/learning_action:/home/jsm/dev_ws/install/learning_gazebo_harmonic:/home/jsm/dev_ws/install/learning_gazebo:/home/jsm/dev_ws/install/learning_cv:/opt/ros/humble /usr/bin/cmake --build /home/jsm/robot_gazebo_sim/build/robot_gazebo_sim -- -j16 -l16
[0.321s] DEBUG:colcon.colcon_core.event_handler.log_command:Invoking command in '/home/jsm/robot_gazebo_sim/build/robot_gazebo_sim': CMAKE_PREFIX_PATH=${CMAKE_PREFIX_PATH}:/home/jsm/dev_ws/install/learning_urdf:/home/jsm/dev_ws/install/learning_topic:/home/jsm/dev_ws/install/learning_tf:/home/jsm/dev_ws/install/learning_service:/home/jsm/dev_ws/install/learning_qos:/home/jsm/dev_ws/install/learning_pkg_python:/home/jsm/dev_ws/install/learning_parameter:/home/jsm/dev_ws/install/learning_node:/home/jsm/dev_ws/install/learning_launch:/home/jsm/dev_ws/install/learning_action:/home/jsm/dev_ws/install/learning_gazebo_harmonic:/home/jsm/dev_ws/install/learning_gazebo:/home/jsm/dev_ws/install/learning_cv:/opt/ros/humble /usr/bin/cmake --install /home/jsm/robot_gazebo_sim/build/robot_gazebo_sim
[0.343s] Level 1:colcon.colcon_core.environment:create_environment_scripts_only(robot_gazebo_sim)
[0.343s] DEBUG:colcon.colcon_core.event_handler.log_command:Invoked command in '/home/jsm/robot_gazebo_sim/build/robot_gazebo_sim' returned '0': CMAKE_PREFIX_PATH=${CMAKE_PREFIX_PATH}:/home/jsm/dev_ws/install/learning_urdf:/home/jsm/dev_ws/install/learning_topic:/home/jsm/dev_ws/install/learning_tf:/home/jsm/dev_ws/install/learning_service:/home/jsm/dev_ws/install/learning_qos:/home/jsm/dev_ws/install/learning_pkg_python:/home/jsm/dev_ws/install/learning_parameter:/home/jsm/dev_ws/install/learning_node:/home/jsm/dev_ws/install/learning_launch:/home/jsm/dev_ws/install/learning_action:/home/jsm/dev_ws/install/learning_gazebo_harmonic:/home/jsm/dev_ws/install/learning_gazebo:/home/jsm/dev_ws/install/learning_cv:/opt/ros/humble /usr/bin/cmake --install /home/jsm/robot_gazebo_sim/build/robot_gazebo_sim
[0.345s] Level 1:colcon.colcon_core.environment:checking '/home/jsm/robot_gazebo_sim/install/robot_gazebo_sim' for CMake module files
[0.345s] Level 1:colcon.colcon_core.environment:checking '/home/jsm/robot_gazebo_sim/install/robot_gazebo_sim' for CMake config files
[0.345s] Level 1:colcon.colcon_core.shell:create_environment_hook('robot_gazebo_sim', 'cmake_prefix_path')
[0.346s] INFO:colcon.colcon_core.shell:Creating environment hook '/home/jsm/robot_gazebo_sim/install/robot_gazebo_sim/share/robot_gazebo_sim/hook/cmake_prefix_path.ps1'
[0.346s] INFO:colcon.colcon_core.shell:Creating environment descriptor '/home/jsm/robot_gazebo_sim/install/robot_gazebo_sim/share/robot_gazebo_sim/hook/cmake_prefix_path.dsv'
[0.346s] INFO:colcon.colcon_core.shell:Creating environment hook '/home/jsm/robot_gazebo_sim/install/robot_gazebo_sim/share/robot_gazebo_sim/hook/cmake_prefix_path.sh'
[0.347s] Level 1:colcon.colcon_core.environment:checking '/home/jsm/robot_gazebo_sim/install/robot_gazebo_sim/lib'
[0.347s] Level 1:colcon.colcon_core.environment:checking '/home/jsm/robot_gazebo_sim/install/robot_gazebo_sim/bin'
[0.347s] Level 1:colcon.colcon_core.environment:checking '/home/jsm/robot_gazebo_sim/install/robot_gazebo_sim/lib/pkgconfig/robot_gazebo_sim.pc'
[0.347s] Level 1:colcon.colcon_core.environment:checking '/home/jsm/robot_gazebo_sim/install/robot_gazebo_sim/lib/python3.10/site-packages'
[0.347s] Level 1:colcon.colcon_core.environment:checking '/home/jsm/robot_gazebo_sim/install/robot_gazebo_sim/bin'
[0.347s] INFO:colcon.colcon_core.shell:Creating package script '/home/jsm/robot_gazebo_sim/install/robot_gazebo_sim/share/robot_gazebo_sim/package.ps1'
[0.348s] INFO:colcon.colcon_core.shell:Creating package descriptor '/home/jsm/robot_gazebo_sim/install/robot_gazebo_sim/share/robot_gazebo_sim/package.dsv'
[0.348s] INFO:colcon.colcon_core.shell:Creating package script '/home/jsm/robot_gazebo_sim/install/robot_gazebo_sim/share/robot_gazebo_sim/package.sh'
[0.349s] INFO:colcon.colcon_core.shell:Creating package script '/home/jsm/robot_gazebo_sim/install/robot_gazebo_sim/share/robot_gazebo_sim/package.bash'
[0.349s] INFO:colcon.colcon_core.shell:Creating package script '/home/jsm/robot_gazebo_sim/install/robot_gazebo_sim/share/robot_gazebo_sim/package.zsh'
[0.350s] Level 1:colcon.colcon_core.environment:create_file_with_runtime_dependencies(/home/jsm/robot_gazebo_sim/install/robot_gazebo_sim/share/colcon-core/packages/robot_gazebo_sim)
[0.350s] Level 1:colcon.colcon_core.environment:create_environment_scripts_only(robot_gazebo_sim)
[0.350s] Level 1:colcon.colcon_core.environment:checking '/home/jsm/robot_gazebo_sim/install/robot_gazebo_sim' for CMake module files
[0.351s] Level 1:colcon.colcon_core.environment:checking '/home/jsm/robot_gazebo_sim/install/robot_gazebo_sim' for CMake config files
[0.351s] Level 1:colcon.colcon_core.shell:create_environment_hook('robot_gazebo_sim', 'cmake_prefix_path')
[0.351s] INFO:colcon.colcon_core.shell:Creating environment hook '/home/jsm/robot_gazebo_sim/install/robot_gazebo_sim/share/robot_gazebo_sim/hook/cmake_prefix_path.ps1'
[0.351s] INFO:colcon.colcon_core.shell:Creating environment descriptor '/home/jsm/robot_gazebo_sim/install/robot_gazebo_sim/share/robot_gazebo_sim/hook/cmake_prefix_path.dsv'
[0.352s] INFO:colcon.colcon_core.shell:Creating environment hook '/home/jsm/robot_gazebo_sim/install/robot_gazebo_sim/share/robot_gazebo_sim/hook/cmake_prefix_path.sh'
[0.352s] Level 1:colcon.colcon_core.environment:checking '/home/jsm/robot_gazebo_sim/install/robot_gazebo_sim/lib'
[0.352s] Level 1:colcon.colcon_core.environment:checking '/home/jsm/robot_gazebo_sim/install/robot_gazebo_sim/bin'
[0.352s] Level 1:colcon.colcon_core.environment:checking '/home/jsm/robot_gazebo_sim/install/robot_gazebo_sim/lib/pkgconfig/robot_gazebo_sim.pc'
[0.352s] Level 1:colcon.colcon_core.environment:checking '/home/jsm/robot_gazebo_sim/install/robot_gazebo_sim/lib/python3.10/site-packages'
[0.352s] Level 1:colcon.colcon_core.environment:checking '/home/jsm/robot_gazebo_sim/install/robot_gazebo_sim/bin'
[0.352s] INFO:colcon.colcon_core.shell:Creating package script '/home/jsm/robot_gazebo_sim/install/robot_gazebo_sim/share/robot_gazebo_sim/package.ps1'
[0.353s] INFO:colcon.colcon_core.shell:Creating package descriptor '/home/jsm/robot_gazebo_sim/install/robot_gazebo_sim/share/robot_gazebo_sim/package.dsv'
[0.353s] INFO:colcon.colcon_core.shell:Creating package script '/home/jsm/robot_gazebo_sim/install/robot_gazebo_sim/share/robot_gazebo_sim/package.sh'
[0.353s] INFO:colcon.colcon_core.shell:Creating package script '/home/jsm/robot_gazebo_sim/install/robot_gazebo_sim/share/robot_gazebo_sim/package.bash'
[0.353s] INFO:colcon.colcon_core.shell:Creating package script '/home/jsm/robot_gazebo_sim/install/robot_gazebo_sim/share/robot_gazebo_sim/package.zsh'
[0.354s] Level 1:colcon.colcon_core.environment:create_file_with_runtime_dependencies(/home/jsm/robot_gazebo_sim/install/robot_gazebo_sim/share/colcon-core/packages/robot_gazebo_sim)
[0.354s] DEBUG:colcon.colcon_parallel_executor.executor.parallel:closing loop
[0.354s] DEBUG:colcon.colcon_parallel_executor.executor.parallel:loop closed
[0.354s] DEBUG:colcon.colcon_parallel_executor.executor.parallel:run_until_complete finished with '0'
[0.354s] DEBUG:colcon.colcon_core.event_reactor:joining thread
[0.358s] INFO:colcon.colcon_core.plugin_system:Skipping extension 'colcon_notification.desktop_notification.terminal_notifier': Not used on non-Darwin systems
[0.359s] INFO:colcon.colcon_core.plugin_system:Skipping extension 'colcon_notification.desktop_notification.win32': Not used on non-Windows systems
[0.359s] INFO:colcon.colcon_notification.desktop_notification:Sending desktop notification using 'notify2'
[0.359s] DEBUG:colcon.colcon_notification.desktop_notification.notify2:Failed to initialize notify2: org.freedesktop.DBus.Error.AccessDenied: Failed to connect to socket /run/user/1000/bus: Operation not permitted
[0.359s] DEBUG:colcon.colcon_core.event_reactor:joined thread
[0.359s] INFO:colcon.colcon_core.shell:Creating prefix script '/home/jsm/robot_gazebo_sim/install/local_setup.ps1'
[0.360s] INFO:colcon.colcon_core.shell:Creating prefix util module '/home/jsm/robot_gazebo_sim/install/_local_setup_util_ps1.py'
[0.361s] INFO:colcon.colcon_core.shell:Creating prefix chain script '/home/jsm/robot_gazebo_sim/install/setup.ps1'
[0.362s] INFO:colcon.colcon_core.shell:Creating prefix script '/home/jsm/robot_gazebo_sim/install/local_setup.sh'
[0.362s] INFO:colcon.colcon_core.shell:Creating prefix util module '/home/jsm/robot_gazebo_sim/install/_local_setup_util_sh.py'
[0.362s] INFO:colcon.colcon_core.shell:Creating prefix chain script '/home/jsm/robot_gazebo_sim/install/setup.sh'
[0.363s] INFO:colcon.colcon_core.shell:Creating prefix script '/home/jsm/robot_gazebo_sim/install/local_setup.bash'
[0.364s] INFO:colcon.colcon_core.shell:Creating prefix chain script '/home/jsm/robot_gazebo_sim/install/setup.bash'
[0.364s] INFO:colcon.colcon_core.shell:Creating prefix script '/home/jsm/robot_gazebo_sim/install/local_setup.zsh'
[0.365s] INFO:colcon.colcon_core.shell:Creating prefix chain script '/home/jsm/robot_gazebo_sim/install/setup.zsh'
