[0.012s] Invoking command in '/home/jsm/robot_gazebo_sim/build/robot_gazebo_sim': CMAKE_PREFIX_PATH=${CMAKE_PREFIX_PATH}:/home/jsm/dev_ws/install/learning_urdf:/home/jsm/dev_ws/install/learning_topic:/home/jsm/dev_ws/install/learning_tf:/home/jsm/dev_ws/install/learning_service:/home/jsm/dev_ws/install/learning_qos:/home/jsm/dev_ws/install/learning_pkg_python:/home/jsm/dev_ws/install/learning_parameter:/home/jsm/dev_ws/install/learning_node:/home/jsm/dev_ws/install/learning_launch:/home/jsm/dev_ws/install/learning_action:/home/jsm/dev_ws/install/learning_gazebo_harmonic:/home/jsm/dev_ws/install/learning_gazebo:/home/jsm/dev_ws/install/learning_cv:/opt/ros/humble /usr/bin/cmake /home/jsm/robot_gazebo_sim/src/robot_gazebo_sim -DCMAKE_INSTALL_PREFIX=/home/jsm/robot_gazebo_sim/install/robot_gazebo_sim
[0.073s] -- The C compiler identification is GNU 11.4.0
[0.126s] -- The CXX compiler identification is GNU 11.4.0
[0.135s] -- Detecting C compiler ABI info
[0.218s] -- Detecting C compiler ABI info - done
[0.227s] -- Check for working C compiler: /usr/bin/cc - skipped
[0.228s] -- Detecting C compile features
[0.228s] -- Detecting C compile features - done
[0.231s] -- Detecting CXX compiler ABI info
[0.333s] -- Detecting CXX compiler ABI info - done
[0.343s] -- Check for working CXX compiler: /usr/bin/c++ - skipped
[0.343s] -- Detecting CXX compile features
[0.343s] -- Detecting CXX compile features - done
[0.350s] -- Found ament_cmake: 1.3.14 (/opt/ros/humble/share/ament_cmake/cmake)
[0.532s] -- Found Python3: /usr/bin/python3 (found version "3.10.12") found components: Interpreter 
[0.699s] -- Configuring done
[0.701s] -- Generating done
[0.701s] -- Build files have been written to: /home/jsm/robot_gazebo_sim/build/robot_gazebo_sim
[0.706s] Invoked command in '/home/jsm/robot_gazebo_sim/build/robot_gazebo_sim' returned '0': CMAKE_PREFIX_PATH=${CMAKE_PREFIX_PATH}:/home/jsm/dev_ws/install/learning_urdf:/home/jsm/dev_ws/install/learning_topic:/home/jsm/dev_ws/install/learning_tf:/home/jsm/dev_ws/install/learning_service:/home/jsm/dev_ws/install/learning_qos:/home/jsm/dev_ws/install/learning_pkg_python:/home/jsm/dev_ws/install/learning_parameter:/home/jsm/dev_ws/install/learning_node:/home/jsm/dev_ws/install/learning_launch:/home/jsm/dev_ws/install/learning_action:/home/jsm/dev_ws/install/learning_gazebo_harmonic:/home/jsm/dev_ws/install/learning_gazebo:/home/jsm/dev_ws/install/learning_cv:/opt/ros/humble /usr/bin/cmake /home/jsm/robot_gazebo_sim/src/robot_gazebo_sim -DCMAKE_INSTALL_PREFIX=/home/jsm/robot_gazebo_sim/install/robot_gazebo_sim
[0.707s] Invoking command in '/home/jsm/robot_gazebo_sim/build/robot_gazebo_sim': CMAKE_PREFIX_PATH=${CMAKE_PREFIX_PATH}:/home/jsm/dev_ws/install/learning_urdf:/home/jsm/dev_ws/install/learning_topic:/home/jsm/dev_ws/install/learning_tf:/home/jsm/dev_ws/install/learning_service:/home/jsm/dev_ws/install/learning_qos:/home/jsm/dev_ws/install/learning_pkg_python:/home/jsm/dev_ws/install/learning_parameter:/home/jsm/dev_ws/install/learning_node:/home/jsm/dev_ws/install/learning_launch:/home/jsm/dev_ws/install/learning_action:/home/jsm/dev_ws/install/learning_gazebo_harmonic:/home/jsm/dev_ws/install/learning_gazebo:/home/jsm/dev_ws/install/learning_cv:/opt/ros/humble /usr/bin/cmake --build /home/jsm/robot_gazebo_sim/build/robot_gazebo_sim -- -j16 -l16
[0.756s] Invoked command in '/home/jsm/robot_gazebo_sim/build/robot_gazebo_sim' returned '0': CMAKE_PREFIX_PATH=${CMAKE_PREFIX_PATH}:/home/jsm/dev_ws/install/learning_urdf:/home/jsm/dev_ws/install/learning_topic:/home/jsm/dev_ws/install/learning_tf:/home/jsm/dev_ws/install/learning_service:/home/jsm/dev_ws/install/learning_qos:/home/jsm/dev_ws/install/learning_pkg_python:/home/jsm/dev_ws/install/learning_parameter:/home/jsm/dev_ws/install/learning_node:/home/jsm/dev_ws/install/learning_launch:/home/jsm/dev_ws/install/learning_action:/home/jsm/dev_ws/install/learning_gazebo_harmonic:/home/jsm/dev_ws/install/learning_gazebo:/home/jsm/dev_ws/install/learning_cv:/opt/ros/humble /usr/bin/cmake --build /home/jsm/robot_gazebo_sim/build/robot_gazebo_sim -- -j16 -l16
[0.770s] Invoking command in '/home/jsm/robot_gazebo_sim/build/robot_gazebo_sim': CMAKE_PREFIX_PATH=${CMAKE_PREFIX_PATH}:/home/jsm/dev_ws/install/learning_urdf:/home/jsm/dev_ws/install/learning_topic:/home/jsm/dev_ws/install/learning_tf:/home/jsm/dev_ws/install/learning_service:/home/jsm/dev_ws/install/learning_qos:/home/jsm/dev_ws/install/learning_pkg_python:/home/jsm/dev_ws/install/learning_parameter:/home/jsm/dev_ws/install/learning_node:/home/jsm/dev_ws/install/learning_launch:/home/jsm/dev_ws/install/learning_action:/home/jsm/dev_ws/install/learning_gazebo_harmonic:/home/jsm/dev_ws/install/learning_gazebo:/home/jsm/dev_ws/install/learning_cv:/opt/ros/humble /usr/bin/cmake --install /home/jsm/robot_gazebo_sim/build/robot_gazebo_sim
[0.777s] -- Install configuration: ""
[0.777s] -- Installing: /home/jsm/robot_gazebo_sim/install/robot_gazebo_sim/share/robot_gazebo_sim/config
[0.777s] -- Installing: /home/jsm/robot_gazebo_sim/install/robot_gazebo_sim/share/robot_gazebo_sim/config/controllers.yaml
[0.777s] -- Installing: /home/jsm/robot_gazebo_sim/install/robot_gazebo_sim/share/robot_gazebo_sim/launch
[0.777s] -- Installing: /home/jsm/robot_gazebo_sim/install/robot_gazebo_sim/share/robot_gazebo_sim/launch/gazebo.launch.py
[0.777s] -- Installing: /home/jsm/robot_gazebo_sim/install/robot_gazebo_sim/share/robot_gazebo_sim/meshes
[0.777s] -- Installing: /home/jsm/robot_gazebo_sim/install/robot_gazebo_sim/share/robot_gazebo_sim/meshes/Link_6.stl
[0.778s] -- Installing: /home/jsm/robot_gazebo_sim/install/robot_gazebo_sim/share/robot_gazebo_sim/meshes/Link_5.stl
[0.779s] -- Installing: /home/jsm/robot_gazebo_sim/install/robot_gazebo_sim/share/robot_gazebo_sim/meshes/Link_2.stl
[0.782s] -- Installing: /home/jsm/robot_gazebo_sim/install/robot_gazebo_sim/share/robot_gazebo_sim/meshes/Link_3.stl
[0.786s] -- Installing: /home/jsm/robot_gazebo_sim/install/robot_gazebo_sim/share/robot_gazebo_sim/meshes/Link_4.stl
[0.788s] -- Installing: /home/jsm/robot_gazebo_sim/install/robot_gazebo_sim/share/robot_gazebo_sim/meshes/Link_1.stl
[0.790s] -- Installing: /home/jsm/robot_gazebo_sim/install/robot_gazebo_sim/share/robot_gazebo_sim/urdf
[0.790s] -- Installing: /home/jsm/robot_gazebo_sim/install/robot_gazebo_sim/share/robot_gazebo_sim/urdf/robot.gazebo.urdf.xacro
[0.791s] -- Installing: /home/jsm/robot_gazebo_sim/install/robot_gazebo_sim/share/robot_gazebo_sim/urdf/robot.urdf
[0.791s] -- Installing: /home/jsm/robot_gazebo_sim/install/robot_gazebo_sim/share/robot_gazebo_sim/worlds
[0.791s] -- Installing: /home/jsm/robot_gazebo_sim/install/robot_gazebo_sim/share/robot_gazebo_sim/worlds/empty.world
[0.791s] -- Installing: /home/jsm/robot_gazebo_sim/install/robot_gazebo_sim/lib/robot_gazebo_sim/gazebo_joint_demo
[0.791s] -- Installing: /home/jsm/robot_gazebo_sim/install/robot_gazebo_sim/share/ament_index/resource_index/package_run_dependencies/robot_gazebo_sim
[0.791s] -- Installing: /home/jsm/robot_gazebo_sim/install/robot_gazebo_sim/share/ament_index/resource_index/parent_prefix_path/robot_gazebo_sim
[0.791s] -- Installing: /home/jsm/robot_gazebo_sim/install/robot_gazebo_sim/share/robot_gazebo_sim/environment/ament_prefix_path.sh
[0.791s] -- Installing: /home/jsm/robot_gazebo_sim/install/robot_gazebo_sim/share/robot_gazebo_sim/environment/ament_prefix_path.dsv
[0.792s] -- Installing: /home/jsm/robot_gazebo_sim/install/robot_gazebo_sim/share/robot_gazebo_sim/environment/path.sh
[0.792s] -- Installing: /home/jsm/robot_gazebo_sim/install/robot_gazebo_sim/share/robot_gazebo_sim/environment/path.dsv
[0.792s] -- Installing: /home/jsm/robot_gazebo_sim/install/robot_gazebo_sim/share/robot_gazebo_sim/local_setup.bash
[0.792s] -- Installing: /home/jsm/robot_gazebo_sim/install/robot_gazebo_sim/share/robot_gazebo_sim/local_setup.sh
[0.792s] -- Installing: /home/jsm/robot_gazebo_sim/install/robot_gazebo_sim/share/robot_gazebo_sim/local_setup.zsh
[0.792s] -- Installing: /home/jsm/robot_gazebo_sim/install/robot_gazebo_sim/share/robot_gazebo_sim/local_setup.dsv
[0.792s] -- Installing: /home/jsm/robot_gazebo_sim/install/robot_gazebo_sim/share/robot_gazebo_sim/package.dsv
[0.793s] -- Installing: /home/jsm/robot_gazebo_sim/install/robot_gazebo_sim/share/ament_index/resource_index/packages/robot_gazebo_sim
[0.793s] -- Installing: /home/jsm/robot_gazebo_sim/install/robot_gazebo_sim/share/robot_gazebo_sim/cmake/robot_gazebo_simConfig.cmake
[0.793s] -- Installing: /home/jsm/robot_gazebo_sim/install/robot_gazebo_sim/share/robot_gazebo_sim/cmake/robot_gazebo_simConfig-version.cmake
[0.793s] -- Installing: /home/jsm/robot_gazebo_sim/install/robot_gazebo_sim/share/robot_gazebo_sim/package.xml
[0.793s] Invoked command in '/home/jsm/robot_gazebo_sim/build/robot_gazebo_sim' returned '0': CMAKE_PREFIX_PATH=${CMAKE_PREFIX_PATH}:/home/jsm/dev_ws/install/learning_urdf:/home/jsm/dev_ws/install/learning_topic:/home/jsm/dev_ws/install/learning_tf:/home/jsm/dev_ws/install/learning_service:/home/jsm/dev_ws/install/learning_qos:/home/jsm/dev_ws/install/learning_pkg_python:/home/jsm/dev_ws/install/learning_parameter:/home/jsm/dev_ws/install/learning_node:/home/jsm/dev_ws/install/learning_launch:/home/jsm/dev_ws/install/learning_action:/home/jsm/dev_ws/install/learning_gazebo_harmonic:/home/jsm/dev_ws/install/learning_gazebo:/home/jsm/dev_ws/install/learning_cv:/opt/ros/humble /usr/bin/cmake --install /home/jsm/robot_gazebo_sim/build/robot_gazebo_sim
